2005.10.29 20:08 B d:\kommvalg\radv\radv.htm --> ullits.dk /www/kommvalg/radv radv.htm
2005.10.29 21:29 B d:\kommvalg\radv\radv.htm --> ullits.dk /www/kommvalg/radv radv.htm
2005.10.29 21:29 B d:\kommvalg\radv\radv.htm.$$$ --> ullits.dk /www/kommvalg/radv radv.htm.$$$
2005.10.29 21:29 B d:\kommvalg\radv\WS_FTP.LOG --> ullits.dk /www/kommvalg/radv WS_FTP.LOG
2005.10.29 21:42 B d:\kommvalg\radv\ix.htm --> ullits.dk /www/kommvalg/radv ix.htm
2005.10.29 21:42 B d:\kommvalg\radv\radv.htm.$$$ --> ullits.dk /www/kommvalg/radv radv.htm.$$$
2005.10.29 21:42 B d:\kommvalg\radv\WS_FTP.LOG --> ullits.dk /www/kommvalg/radv WS_FTP.LOG
2005.10.29 23:30 B d:\kommvalg\radv\ix.htm --> ullits.dk /www/kommvalg/radv ix.htm
2005.10.29 23:30 B d:\kommvalg\radv\ix.htm.$$$ --> ullits.dk /www/kommvalg/radv ix.htm.$$$
2005.11.02 17:28 B d:\digullits\websiteokt2005\www\kommvalg\radv\WS_FTP.LOG <-- Ny Ullits /www/kommvalg/radv WS_FTP.LOG
2005.11.03 17:43 B d:\digullits\websiteokt2005\www\kommvalg\radv\ix.htm --> ullits.dk /www/kommvalg/radv ix.htm
2005.11.03 17:43 B d:\digullits\websiteokt2005\www\kommvalg\radv\kec.htm --> ullits.dk /www/kommvalg/radv kec.htm
2005.11.03 17:44 B d:\digullits\websiteokt2005\www\kommvalg\radv\kec.htm --> ullits.dk /www/kommvalg/radv kec.htm
2005.11.03 17:45 B d:\digullits\websiteokt2005\www\kommvalg\radv\kec.htm --> ullits.dk /www/kommvalg/radv kec.htm
2005.11.05 20:47 B d:\digullits\websiteokt2005\www\kommvalg\radv\ix.htm <-- Ny Ullits /www/kommvalg/radv ix.htm
2005.11.06 17:57 B d:\digullits\websiteokt2005\www\kommvalg\radv\htm.htm --> ullits.dk /www/kommvalg/radv htm.htm
2005.11.06 17:57 B d:\digullits\websiteokt2005\www\kommvalg\radv\ix.htm --> ullits.dk /www/kommvalg/radv ix.htm
2005.11.07 17:05 B d:\digullits\websiteokt2005\www\kommvalg\radv\ix.htm --> ullits.dk /www/kommvalg/radv ix.htm
2005.11.07 17:05 B d:\digullits\websiteokt2005\www\kommvalg\radv\nlg.htm --> ullits.dk /www/kommvalg/radv nlg.htm
2005.11.07 17:07 B d:\digullits\websiteokt2005\www\kommvalg\radv\ix.htm --> ullits.dk /www/kommvalg/radv ix.htm
2005.11.07 17:07 B d:\digullits\websiteokt2005\www\kommvalg\radv\nlg.htm --> ullits.dk /www/kommvalg/radv nlg.htm
2005.11.16 19:50 B d:\digullits\websiteokt2005\www\kommvalg\radv\ix.htm --> ullits.dk /www/kommvalg/radv ix.htm
