2005.10.29 20:08 B d:\kommvalg\venstre\venstre.htm --> ullits.dk /www/kommvalg/venstre venstre.htm
2005.10.29 21:30 B d:\kommvalg\venstre\venstre.htm --> ullits.dk /www/kommvalg/venstre venstre.htm
2005.10.29 21:30 B d:\kommvalg\venstre\venstre.htm.$$$ --> ullits.dk /www/kommvalg/venstre venstre.htm.$$$
2005.10.29 21:30 B d:\kommvalg\venstre\WS_FTP.LOG --> ullits.dk /www/kommvalg/venstre WS_FTP.LOG
2005.10.29 21:42 B d:\kommvalg\venstre\ix.htm --> ullits.dk /www/kommvalg/venstre ix.htm
2005.10.29 21:42 B d:\kommvalg\venstre\venstre.htm.$$$ --> ullits.dk /www/kommvalg/venstre venstre.htm.$$$
2005.10.29 21:42 B d:\kommvalg\venstre\WS_FTP.LOG --> ullits.dk /www/kommvalg/venstre WS_FTP.LOG
2005.10.29 22:36 B d:\kommvalg\venstre\ix.htm --> ullits.dk /www/kommvalg/venstre ix.htm
2005.10.29 23:30 B d:\kommvalg\venstre\ix.htm --> ullits.dk /www/kommvalg/venstre ix.htm
2005.10.29 23:30 B d:\kommvalg\venstre\ix.htm.$$$ --> ullits.dk /www/kommvalg/venstre ix.htm.$$$
2005.11.02 17:28 B d:\digullits\websiteokt2005\www\kommvalg\venstre\WS_FTP.LOG <-- Ny Ullits /www/kommvalg/venstre WS_FTP.LOG
2005.11.02 18:02 B d:\digullits\websiteokt2005\www\kommvalg\venstre\ix.htm --> ullits.dk /www/kommvalg/venstre ix.htm
2005.11.02 18:02 B d:\digullits\websiteokt2005\www\kommvalg\venstre\sm.htm --> ullits.dk /www/kommvalg/venstre sm.htm
2005.11.03 22:40 B d:\digullits\websiteokt2005\www\kommvalg\venstre\ix.htm --> ullits.dk /www/kommvalg/venstre ix.htm
2005.11.03 22:42 B d:\digullits\websiteokt2005\www\kommvalg\venstre\ix.htm --> ullits.dk /www/kommvalg/venstre ix.htm
2005.11.05 20:47 B d:\digullits\websiteokt2005\www\kommvalg\venstre\ix.htm <-- Ny Ullits /www/kommvalg/venstre ix.htm
2005.11.05 20:47 B d:\digullits\websiteokt2005\www\kommvalg\venstre\sm.htm <-- Ny Ullits /www/kommvalg/venstre sm.htm
2005.11.06 18:02 B d:\digullits\websiteokt2005\www\kommvalg\venstre\ix.htm --> ullits.dk /www/kommvalg/venstre ix.htm
2005.11.06 18:02 B d:\digullits\websiteokt2005\www\kommvalg\venstre\kfj.htm --> ullits.dk /www/kommvalg/venstre kfj.htm
2005.11.16 19:51 B d:\digullits\websiteokt2005\www\kommvalg\venstre\ix.htm --> ullits.dk /www/kommvalg/venstre ix.htm
