2005.10.29 20:08 B d:\kommvalg\sf\sf.htm --> ullits.dk /www/kommvalg/sf sf.htm
2005.10.29 21:29 B d:\kommvalg\sf\sf.htm --> ullits.dk /www/kommvalg/sf sf.htm
2005.10.29 21:29 B d:\kommvalg\sf\sf.htm.$$$ --> ullits.dk /www/kommvalg/sf sf.htm.$$$
2005.10.29 21:29 B d:\kommvalg\sf\WS_FTP.LOG --> ullits.dk /www/kommvalg/sf WS_FTP.LOG
2005.10.29 21:42 B d:\kommvalg\sf\ix.htm --> ullits.dk /www/kommvalg/sf ix.htm
2005.10.29 21:42 B d:\kommvalg\sf\sf.htm.$$$ --> ullits.dk /www/kommvalg/sf sf.htm.$$$
2005.10.29 21:42 B d:\kommvalg\sf\WS_FTP.LOG --> ullits.dk /www/kommvalg/sf WS_FTP.LOG
2005.10.29 23:30 B d:\kommvalg\sf\ix.htm --> ullits.dk /www/kommvalg/sf ix.htm
2005.10.29 23:30 B d:\kommvalg\sf\ix.htm.$$$ --> ullits.dk /www/kommvalg/sf ix.htm.$$$
2005.11.02 17:28 B d:\digullits\websiteokt2005\www\kommvalg\sf\WS_FTP.LOG <-- Ny Ullits /www/kommvalg/sf WS_FTP.LOG
2005.11.06 19:23 B d:\digullits\websiteokt2005\www\kommvalg\sf\sf.htm.$$$ <-- Ny Ullits /www/kommvalg/sf sf.htm.$$$
2005.11.06 19:24 B d:\digullits\websiteokt2005\www\kommvalg\sf\ix.htm --> ullits.dk /www/kommvalg/sf ix.htm
2005.11.06 19:24 B d:\digullits\websiteokt2005\www\kommvalg\sf\jg.htm --> ullits.dk /www/kommvalg/sf jg.htm
2005.11.06 19:25 B d:\digullits\websiteokt2005\www\kommvalg\sf\ix.htm --> ullits.dk /www/kommvalg/sf ix.htm
2005.11.06 19:25 B d:\digullits\websiteokt2005\www\kommvalg\sf\jg.htm --> ullits.dk /www/kommvalg/sf jg.htm
2005.11.06 19:27 B d:\digullits\websiteokt2005\www\kommvalg\sf\ix.htm --> ullits.dk /www/kommvalg/sf ix.htm
2005.11.06 19:27 B d:\digullits\websiteokt2005\www\kommvalg\sf\jg.htm --> ullits.dk /www/kommvalg/sf jg.htm
2005.11.06 19:28 B d:\digullits\websiteokt2005\www\kommvalg\sf\ix.htm --> ullits.dk /www/kommvalg/sf ix.htm
2005.11.06 19:28 B d:\digullits\websiteokt2005\www\kommvalg\sf\jg.htm --> ullits.dk /www/kommvalg/sf jg.htm
2005.11.06 19:28 B d:\digullits\websiteokt2005\www\kommvalg\sf\ix.htm --> ullits.dk /www/kommvalg/sf ix.htm
2005.11.06 19:28 B d:\digullits\websiteokt2005\www\kommvalg\sf\jg.htm --> ullits.dk /www/kommvalg/sf jg.htm
2005.11.09 17:56 B d:\digullits\websiteokt2005\www\kommvalg\sf\ix.htm --> ullits.dk /www/kommvalg/sf ix.htm
2005.11.09 17:56 B d:\digullits\websiteokt2005\www\kommvalg\sf\td.htm --> ullits.dk /www/kommvalg/sf td.htm
2005.11.16 19:51 B d:\digullits\websiteokt2005\www\kommvalg\sf\ix.htm --> ullits.dk /www/kommvalg/sf ix.htm
