2005.10.29 20:08 B d:\kommvalg\social\social.htm --> ullits.dk /www/kommvalg/social social.htm
2005.10.29 21:30 B d:\kommvalg\social\social.htm --> ullits.dk /www/kommvalg/social social.htm
2005.10.29 21:30 B d:\kommvalg\social\social.htm.$$$ --> ullits.dk /www/kommvalg/social social.htm.$$$
2005.10.29 21:30 B d:\kommvalg\social\WS_FTP.LOG --> ullits.dk /www/kommvalg/social WS_FTP.LOG
2005.10.29 21:42 B d:\kommvalg\social\ix.htm --> ullits.dk /www/kommvalg/social ix.htm
2005.10.29 21:42 B d:\kommvalg\social\social.htm.$$$ --> ullits.dk /www/kommvalg/social social.htm.$$$
2005.10.29 21:42 B d:\kommvalg\social\WS_FTP.LOG --> ullits.dk /www/kommvalg/social WS_FTP.LOG
2005.10.29 23:30 B d:\kommvalg\social\ix.htm --> ullits.dk /www/kommvalg/social ix.htm
2005.10.29 23:30 B d:\kommvalg\social\ix.htm.$$$ --> ullits.dk /www/kommvalg/social ix.htm.$$$
2005.11.02 17:28 B d:\digullits\websiteokt2005\www\kommvalg\social\WS_FTP.LOG <-- Ny Ullits /www/kommvalg/social WS_FTP.LOG
2005.11.05 18:18 B d:\digullits\websiteokt2005\www\kommvalg\social\dl.htm --> ullits.dk /www/kommvalg/social dl.htm
2005.11.05 18:18 B d:\digullits\websiteokt2005\www\kommvalg\social\ix.htm --> ullits.dk /www/kommvalg/social ix.htm
2005.11.05 18:19 B d:\digullits\websiteokt2005\www\kommvalg\social\pvd.htm --> ullits.dk /www/kommvalg/social pvd.htm
2005.11.05 20:47 B d:\digullits\websiteokt2005\www\kommvalg\social\dl.htm <-- Ny Ullits /www/kommvalg/social dl.htm
2005.11.05 20:47 B d:\digullits\websiteokt2005\www\kommvalg\social\ix.htm <-- Ny Ullits /www/kommvalg/social ix.htm
2005.11.05 20:47 B d:\digullits\websiteokt2005\www\kommvalg\social\pvd.htm <-- Ny Ullits /www/kommvalg/social pvd.htm
2005.11.07 17:15 B d:\digullits\websiteokt2005\www\kommvalg\social\kn.htm --> ullits.dk /www/kommvalg/social kn.htm
2005.11.07 17:15 B d:\digullits\websiteokt2005\www\kommvalg\social\ix.htm --> ullits.dk /www/kommvalg/social ix.htm
2005.11.16 19:51 B d:\digullits\websiteokt2005\www\kommvalg\social\ix.htm --> ullits.dk /www/kommvalg/social ix.htm
2005.11.16 19:53 B d:\digullits\websiteokt2005\www\kommvalg\social\ix.htm --> ullits.dk /www/kommvalg/social ix.htm
