2005.10.29 20:08 B d:\kommvalg\kons\kons.htm --> ullits.dk /www/kommvalg/kons kons.htm
2005.10.29 21:29 B d:\kommvalg\kons\kons.htm --> ullits.dk /www/kommvalg/kons kons.htm
2005.10.29 21:29 B d:\kommvalg\kons\kons.htm.$$$ --> ullits.dk /www/kommvalg/kons kons.htm.$$$
2005.10.29 21:29 B d:\kommvalg\kons\WS_FTP.LOG --> ullits.dk /www/kommvalg/kons WS_FTP.LOG
2005.10.29 21:41 B d:\kommvalg\kons\ix.htm --> ullits.dk /www/kommvalg/kons ix.htm
2005.10.29 21:41 B d:\kommvalg\kons\kons.htm.$$$ --> ullits.dk /www/kommvalg/kons kons.htm.$$$
2005.11.02 17:28 B d:\digullits\websiteokt2005\www\kommvalg\kons\WS_FTP.LOG <-- Ny Ullits /www/kommvalg/kons WS_FTP.LOG
2005.11.02 17:36 B d:\digullits\websiteokt2005\www\kommvalg\kons\ix.htm --> ullits.dk /www/kommvalg/kons ix.htm
2005.11.02 17:36 B d:\digullits\websiteokt2005\www\kommvalg\kons\jt.htm --> ullits.dk /www/kommvalg/kons jt.htm
2005.11.05 20:47 B d:\digullits\websiteokt2005\www\kommvalg\kons\ix.htm <-- Ny Ullits /www/kommvalg/kons ix.htm
2005.11.05 20:47 B d:\digullits\websiteokt2005\www\kommvalg\kons\jt.htm <-- Ny Ullits /www/kommvalg/kons jt.htm
2005.11.05 20:59 B d:\digullits\websiteokt2005\www\kommvalg\kons\ix.htm --> ullits.dk /www/kommvalg/kons ix.htm
2005.11.05 20:59 B d:\digullits\websiteokt2005\www\kommvalg\kons\nkh.htm --> ullits.dk /www/kommvalg/kons nkh.htm
2005.11.05 21:01 B d:\digullits\websiteokt2005\www\kommvalg\kons\ix.htm --> ullits.dk /www/kommvalg/kons ix.htm
2005.11.05 21:01 B d:\digullits\websiteokt2005\www\kommvalg\kons\jt.htm --> ullits.dk /www/kommvalg/kons jt.htm
2005.11.05 21:01 B d:\digullits\websiteokt2005\www\kommvalg\kons\nkh.htm --> ullits.dk /www/kommvalg/kons nkh.htm
2005.11.05 21:02 B d:\digullits\websiteokt2005\www\kommvalg\kons\ix.htm --> ullits.dk /www/kommvalg/kons ix.htm
2005.11.05 21:02 B d:\digullits\websiteokt2005\www\kommvalg\kons\jt.htm --> ullits.dk /www/kommvalg/kons jt.htm
2005.11.05 21:02 B d:\digullits\websiteokt2005\www\kommvalg\kons\nkh.htm --> ullits.dk /www/kommvalg/kons nkh.htm
2005.11.05 21:03 B d:\digullits\websiteokt2005\www\kommvalg\kons\ix.htm --> ullits.dk /www/kommvalg/kons ix.htm
2005.11.05 21:03 B d:\digullits\websiteokt2005\www\kommvalg\kons\jt.htm --> ullits.dk /www/kommvalg/kons jt.htm
2005.11.05 21:03 B d:\digullits\websiteokt2005\www\kommvalg\kons\nkh.htm --> ullits.dk /www/kommvalg/kons nkh.htm
2005.11.16 19:50 B d:\digullits\websiteokt2005\www\kommvalg\kons\ix.htm --> ullits.dk /www/kommvalg/kons ix.htm
